00000165 A num_got_entries
bc000000 T _start
bc000400 t reset
bc000684 t CPLL_READY
bc0006e8 t CPLL_DONE
bc000728 t LDO_1P8V
bc000740 t LDO_2P5V
bc000754 t DDRLDO_SOFT_START
bc000774 t LDO_DELAY
bc000798 t SET_RG_BUCK_FPWM
bc0007ac t DDR_PAD_CFG
bc00083c t MT7628_KN_PAD
bc000860 t MT7628_AN_DDR1_PAD
bc0008a4 t MT7628_AN_DDR2_PAD
bc0008d0 t SET_PAD_CFG
bc000948 t DDR_READY
bc000b0c t SDRAM_INIT_DOWN
bc000b14 t tRFCinit
bc000b98 T relocate_code
bc000bfc t in_ram
bc000c5c t romReserved
bc000c60 t romExcHandle
bc000c64 T init_cpu_pll
bc000dbc t CPLL_EXIT
bc000dc0 T SDR_CFG0_TBL
bc000de0 T SDR_CFG1_TBL
bc000e00 T DDR1_CFG0_TBL
bc000e28 T DDR1_CFG1_TBL
bc000e50 t DDR1_CFG2_TBL
bc000e78 t DDR1_CFG3_TBL
bc000ea0 t DDR1_CFG4_TBL
bc000ec8 T DDR2_CFG0_TBL
bc000ee8 T DDR2_CFG1_TBL
bc000f08 t DDR2_CFG2_TBL
bc000f28 t DDR2_CFG3_TBL
bc000f48 t DDR2_CFG4_TBL
bc000f68 T lock_dcache
bc000fc4 T unlock_dcache
bc001004 T fill_icache
bc001040 T sbrk
bc001090 T board_init_f
bc001368 T OperationSelect
bc001428 T tftp_config
bc0018fc T trigger_hw_reset
bc001904 T smart7688_led_blink
bc001960 T config_usb_ehciohci
bc001998 T disable_pcie
bc0019d0 T board_init_r
bc003250 T hang
bc003280 T rw_rf_reg
bc00337c T do_rw_rf
bc0034bc T dram_cali
bc003c80 t mips_count_get
bc003c88 T timer_init
bc003c9c T get_timer
bc003ce0 T udelay
bc003d70 T mdelay
bc003dc0 T NetSetEther
bc003e40 T ArpRequest
bc003fac t startAgainTimeout
bc003fc8 t startAgainHandler
bc003fd0 T NetSetTimeout
bc004034 T NetSetHandler
bc00404c T NetStartAgain
bc004140 T ArpTimeoutCheck
bc004210 T NetSendPacket
bc004228 T NetCksum
bc004270 T NetSetIP
bc0043e4 T NetSendUDPPacket
bc0045b0 T NetCksumOk
bc0045f0 T NetReceive
bc004bec T NetEthHdrSize
bc004bf4 T copy_filename
bc004c68 T ip_to_string
bc004ce8 T string_to_ip
bc004dac T getenv_IPaddr
bc004de8 T NetLoop
bc005294 T print_IPaddr
bc0052e0 T TftpSend
bc005500 t TftpHandler
bc0058b0 t TftpTimeout
bc005944 T TftpStart
bc005bf0 T eth_parse_enetaddr
bc005c90 T eth_register
bc005cfc T eth_initialize
bc005f3c T eth_try_another
bc005f74 T eth_init
bc006024 T eth_halt
bc00607c T eth_send
bc0060b4 T eth_rx
bc0060f0 T START_ETH
bc006150 T STOP_ETH
bc0061b8 T rt2880_free_buf_entry_dequeue
bc0061ec t rt2880_free_buf_entry_enqueue
bc00626c T rt2880_eth_initialize
bc0064bc T LANWANPartition
bc0064c4 T isDMABusy
bc006534 t rt2880_eth_init
bc006850 T mt7628_ephy_init
bc006b0c T rt305x_esw_init
bc006c60 t rt2880_eth_send
bc006e60 t rt2880_eth_recv
bc00704c T rt2880_eth_halt
bc007064 t delete_char
bc0071bc T readline
bc0074a0 T input_value
bc007530 T enable_mdio
bc007538 T mii_mgr_read
bc007684 T mii_mgr_write
bc0077cc T dump_phy_reg
bc007980 T rt2880_mdio_access
bc007e30 t bbu_spic_busy_wait
bc007ec4 T spic_init
bc007ecc t bbu_mb_spic_trans
bc008210 t bbu_spic_trans
bc008550 t raspi_read_rg
bc0085a0 t raspi_read_sr
bc0085c0 t raspi_write_rg
bc008614 t raspi_write_sr
bc008634 t raspi_read_devid
bc0086d0 t raspi_wait_ready
bc0087d4 t raspi_4byte_mode
bc008a50 T chip_prob
bc008b90 T raspi_init
bc008bd8 T raspi_erase
bc008df8 T raspi_read
bc008f7c T raspi_write
bc0092c8 T raspi_erase_write
bc0096b8 T do_mem_cp
bc0097e4 T do_flerase
bc009ad8 T ralink_spi_command
bc00a0e0 T run_command
bc00a5e4 T main_loop
bc00a6f0 T do_go
bc00a7d0 T print_image_hdr
bc00ab84 T do_bootm
bc00b190 T send_pad
bc00b1e8 T ktrans
bc00b224 T chk1
bc00b25c T s1_sendpacket
bc00b2bc T send_ack
bc00b348 T send_nack
bc00b3d4 t bin_data_init
bc00b404 t bin_data_char
bc00b450 T k_data_init
bc00b470 T k_data_save
bc00b4c0 T k_data_restore
bc00b510 T k_data_char
bc00b5b4 T handle_send_packet
bc00b814 T do_load_serial_bin
bc00be60 T do_tftpb
bc00c290 T cmd_get_data_size
bc00c348 T do_mem_md
bc00c618 T do_mem_base
bc00c684 T do_mem_loop
bc00c80c t mod_mem
bc00ca18 T do_mem_nm
bc00ca60 T do_mem_mm
bc00caa8 T do_mem_crc
bc00cc80 t envmatch
bc00cd24 T do_printenv
bc00cf94 T _do_setenv
bc00d684 T setenv
bc00d6d8 T do_setenv
bc00d74c T getenv
bc00d824 T do_saveenv
bc00d880 T do_version
bc00d8c0 T find_cmd
bc00d9e0 T do_help
bc00dc70 t console_setfile
bc00dd58 T serial_printf
bc00ddb0 T fgetc
bc00dde8 T ftstc
bc00de20 T fputc
bc00de64 T fputs
bc00dea4 T fprintf
bc00df04 T getc
bc00df44 T tstc
bc00df84 T putc
bc00dfcc T puts
bc00e00c T printf
bc00e064 T vprintf
bc00e0b0 T ctrlc
bc00e134 T disable_ctrlc
bc00e150 T had_ctrlc
bc00e168 T clear_ctrlc
bc00e180 T dbg
bc00e190 T console_assign
bc00e2ac T console_init_f
bc00e2bc T console_init_r
bc00e430 T device_register
bc00e474 T devices_init
bc00e570 T devices_done
bc00e5b0 T malloc_bin_reloc
bc00e5f0 t do_check_chunk
bc00e5f8 t do_check_free_chunk
bc00e600 t do_check_inuse_chunk
bc00e608 t do_check_malloced_chunk
bc00e610 T malloc_trim
bc00e738 T free
bc00e9ac T malloc
bc00f0f8 T realloc
bc00f66c T memalign
bc00f804 T valloc
bc00f820 T pvalloc
bc00f844 T calloc
bc00f958 T cfree
bc00f970 T malloc_usable_size
bc00f9c8 T mallopt
bc00fa60 T env_crc_update
bc00fab0 t env_get_char_init
bc00fafc T env_get_char_memory
bc00fb30 T env_get_addr
bc00fb60 T env_relocate
bc00fc50 t dummy
bc00fc58 T get_version
bc00fc60 T jumptable_init
bc00fd00 T NewHandle
bc00fdac T DisposeHandle
bc00fe08 T GetHandleSize
bc00fe10 T SetHandleSize
bc00fed8 T ListCreate
bc00ff48 T ListDispose
bc00ff60 T ListInsertItems
bc0101ac T ListInsertItem
bc0101c4 T ListGetPtrToItem
bc010204 T ListNumItems
bc010210 T usb_get_class_desc
bc010310 T usb_display_class_sub
bc01057c T usb_display_string
bc0105d4 T usb_display_desc
bc010784 T usb_display_conf_desc
bc01088c T usb_display_if_desc
bc010998 T usb_display_ep_desc
bc010ad8 T usb_display_config
bc010bc0 T usb_show_tree_graph
bc010eac T usb_show_tree
bc010f08 T do_usbboot
bc0114dc T do_usb
bc011c40 T get_dev
bc011c9c T do_fat_fsload
bc011ebc T do_fat_ls
bc012058 T do_fat_fsinfo
bc0121b0 T env_get_char_spec
bc0121c0 T env_init
bc0121e4 T spi_env_init
bc0122b0 T saveenv
bc01240c T env_relocate_spec
bc012440 T wait_ms
bc012490 T usb_hub_reset
bc0124a8 T usb_alloc_new_device
bc012584 T usb_stop
bc0125c8 T usb_disable_asynch
bc0125e8 T usb_submit_int_msg
bc012600 T usb_control_msg
bc012764 T usb_bulk_msg
bc012824 T usb_maxpacket
bc012854 T usb_set_maxpacket
bc01295c T usb_parse_config
bc012b04 T usb_clear_halt
bc012bf0 T usb_get_descriptor
bc012c7c T usb_get_configuration_no
bc012da0 T usb_set_address
bc012e04 T usb_set_interface
bc012f08 T usb_set_configuration
bc012fa4 T usb_set_protocol
bc013020 T usb_set_idle
bc0130a4 T usb_get_report
bc013138 T usb_get_class_descriptor
bc0131cc T usb_get_string
bc0132ac t usb_string_sub
bc013444 T usb_string
bc0135a8 T usb_get_dev_index
bc0135e4 T usb_free_device
bc013680 T usb_hub_reset_devices
bc013688 t usb_get_hub_descriptor
bc013708 t usb_clear_port_feature
bc013784 t usb_set_port_feature
bc013800 t usb_get_port_status
bc013880 T hub_port_reset
bc0139dc t usb_hub_power_on
bc013b08 T usb_hub_probe
bc013ffc T usb_new_device
bc0143e0 T usb_hub_port_connect_change
bc0145d8 T usb_init
bc014790 T usb_stor_get_dev
bc0147c0 T usb_show_progress
bc014830 T usb_stor_info
bc0148ec t usb_stor_irq
bc014908 T usb_storage_probe
bc014ba4 t usb_stor_BBB_reset
bc014d0c t usb_stor_CB_reset
bc014e60 T usb_stor_CB_comdat
bc015158 T usb_stor_CBI_get_status
bc015280 T usb_stor_BBB_clear_endpt_stall
bc0152fc t usb_stor_BBB_transport
bc01568c T usb_stor_CB_transport
bc015918 t usb_request_sense
bc0159c0 t usb_test_unit_ready
bc015a88 T usb_stor_read
bc015d54 T usb_stor_get_info
bc016094 T usb_stor_scan
bc0162d0 T crc32
bc0164f0 T display_options
bc016530 T print_size
bc016640 T strchr
bc01667c T strlen
bc0166a0 T strrchr
bc016718 T strnlen
bc016754 T memset
bc016780 T memcpy
bc0167b0 T memmove
bc01682c T memcmp
bc016860 T simple_strtoul
bc016954 T simple_strtol
bc0169a4 t skip_atoi
bc016a04 t number
bc016c78 T vsprintf
bc0171d4 T sprintf
bc017210 T panic
bc017290 T RangeDecoderReadByte
bc0172c4 T RangeDecoderInit
bc01734c T RangeDecoderDecodeDirectBits
bc017408 T RangeDecoderBitDecode
bc01751c T RangeDecoderBitTreeDecode
bc0175b0 T RangeDecoderReverseBitTreeDecode
bc017654 T LzmaLiteralDecode
bc0176c4 T LzmaLiteralDecodeMatch
bc01779c T LzmaLenDecode
bc017888 T LzmaDecode
bc017cfc T lzmaBuffToBuffDecompress
bc017f10 T get_ram_size
bc018044 T initdram
bc018080 T checkboard
bc0180c0 T serial_setbrg
bc01813c T serial_init
bc018174 T serial_putc
bc0181c8 T serial_tstc
bc0181dc T serial_getc
bc018200 T serial_puts
bc018260 T do_reset
bc018278 T flush_cache
bc018314 T flush_dcache_range
bc018354 T invalidate_dcache_range
bc0183a0 t linux_env_set
bc0184c8 T do_bootm_linux
bc018cb0 t PhyWriteField32
bc018cd8 t handshake
bc018d64 t ehci_free
bc018d6c t ehci_alloc
bc018e14 t ehci_td_buffer
bc018eb0 t ehci_submit_async
bc019448 T ehci_submit_root
bc019af4 T usb_lowlevel_stop
bc019b0c T usb_lowlevel_init
bc01a0ac T submit_bulk_msg
bc01a0fc T submit_control_msg
bc01a15c T submit_int_msg
bc01a170 T leave_power_saving
bc01a1a8 T ehci_hcd_init
bc01a290 T ehci_hcd_stop
bc01a2a0 t downcase
bc01a2d0 t disk_read
bc01a31c T fat_register_device
bc01a508 t dirdelim
bc01a554 t get_name
bc01a684 t get_fatent
bc01a8f0 t get_cluster
bc01aa8c t slot2str
bc01ab50 t get_vfatname
bc01adb8 t mkcksum
bc01adf8 t read_bootsectandvi
bc01aff8 T do_fat_read
bc01bd08 T file_fat_detectfs
bc01be90 T file_fat_ls
bc01beb0 T file_fat_read
bc01bf30 T dev_print
bc01c174 T init_part
bc01c1bc T get_partition_info
bc01c20c T print_part
bc01c320 T test_part_dos
bc01c3a8 t print_partition_extended
bc01c6b4 t get_partition_info_extended
bc01ca48 T print_part_dos
bc01caa4 T get_partition_info_dos
bc01caf0 R version_string
bc01cb70 r __func__.2
bc01cb84 r __func__.8
bc01cb98 r __func__.1
bc01cbc4 r __func__.4
bc01cbd4 r __func__.3
bc01cbe4 r __func__.0
bc01cbf8 r __func__.9
bc01cc0c r __func__.10
bc01cc20 r __func__.6
bc01cc30 r __func__.11
bc01cc3c r __func__.7
bc01cc48 r __func__.5
bc01cd20 r baudrate_table
bc01cd60 r __func__.0
bc01cd80 r p.0
bc021920 D flash_base
bc021930 D NetBcastAddr
bc021940 d tab_seq
bc02194c d erase_seq
bc021950 D stm_opcodes
bc021990 D load_addr
bc0219a0 D dp_last_length
bc0219b0 d mmap_threshold
bc0219b4 d trim_threshold
bc0219b8 d sbrk_base
bc0219c0 D default_environment
bc021a30 D usb_stor_curr_dev
bc021a40 d flash_addr
bc021a50 D us_direction
bc021a70 d crc_table_empty
bc021a80 D _ctype
bc021b80 D descriptor
bc021bc0 d chips_data
bc021f50 D stdio_names
bc021f5c d av_
bc022364 D env_get_char
bc022368 D env_name_spec
bc022370 A _gp
bc022370 D _GLOBAL_OFFSET_TABLE_
bc022370 D __got_start
bc022904 A __u_boot_cmd_start
bc022904 D __got_end
bc022904 D __u_boot_cmd_rf
bc02291c D __u_boot_cmd_mdio
bc022934 D __u_boot_cmd_spi
bc02294c D __u_boot_cmd_erase
bc022964 D __u_boot_cmd_cp
bc02297c D __u_boot_cmd_reset
bc022994 D __u_boot_cmd_go
bc0229ac D __u_boot_cmd_bootm
bc0229c4 D __u_boot_cmd_loadb
bc0229dc D __u_boot_cmd_tftpboot
bc0229f4 D __u_boot_cmd_crc32
bc022a0c D __u_boot_cmd_nm
bc022a24 D __u_boot_cmd_mm
bc022a3c D __u_boot_cmd_md
bc022a54 D __u_boot_cmd_saveenv
bc022a6c D __u_boot_cmd_setenv
bc022a84 D __u_boot_cmd_printenv
bc022a9c D __u_boot_cmd_question_mark
bc022ab4 D __u_boot_cmd_help
bc022acc D __u_boot_cmd_version
bc022ae4 D __u_boot_cmd_usbboot
bc022afc D __u_boot_cmd_usb
bc022b14 D __u_boot_cmd_fatinfo
bc022b2c D __u_boot_cmd_fatls
bc022b44 D __u_boot_cmd_fatload
bc022b5c A __u_boot_cmd_end
bc022b5c A uboot_end_data
bc022b60 B modifies
bc022b64 b mem_malloc_start
bc022b68 b mem_malloc_end
bc022b6c b mem_malloc_brk
bc022b70 b file_name_space
bc022bf0 b smart7688_led_state
bc022c00 B NetTxPacket
bc022c04 B NetEtherNullAddr
bc022c0c B NetServerEther
bc022c12 B NetBootFileSize
bc022c14 B NetOurRootPath
bc022c54 B NetOurHostName
bc022c74 B NetOurNISDomain
bc022c94 B NetOurDNSIP
bc022c98 B NetOurGatewayIP
bc022c9c B NetOurSubnetMask
bc022ca0 b packetHandler
bc022ca4 b timeHandler
bc022ca8 b timeStart
bc022cac b timeDelta
bc022cb0 b TftpServerPort
bc022cb4 b TftpOurPort
bc022cb8 b TftpTimeoutCount
bc022cbc b TftpBlock
bc022cc0 b TftpLastBlock
bc022cc4 b TftpBlockWrap
bc022cc8 b TftpBlockWrapOffset
bc022ccc b TftpState
bc022cd0 b default_filename
bc022ce0 b tftp_filename
bc022cf0 b first_failed.0
bc022cf4 b eth_devices
bc022cf8 b eth_current
bc022d00 b rt2880_free_buf
bc022fe0 b tx_ring0_cache
bc023160 b rx_ring_cache
bc0232e0 b rx_dma_owner_idx0
bc0232e4 b rx_wants_alloc_idx0
bc0232e8 b tx_cpu_owner_idx0
bc0232ec b rx_ring
bc0232f0 b tx_ring0
bc0232f4 b rxRingSize
bc0232f5 b txRingSize
bc0232f8 b rt2880_eth_initd
bc0232fc b PKT_HEADER_Buf_Pool
bc039b40 B spi_chip_info
bc039b50 b lastcommand.0
bc039c50 b a_b
bc039c68 b os_data_state
bc039c6c b os_data_state_saved
bc039c70 b os_data_count_saved
bc039c74 b os_data_addr
bc039c78 b os_data_addr_saved
bc039c7c b bin_start_address
bc039c80 b k_data_escape
bc039c84 b k_data_escape_saved
bc039c90 b base_address
bc039ca0 b ctrlc_was_pressed
bc039ca4 b ctrlc_disabled
bc039cb0 B stdio_devices
bc039cbc B devlist
bc039cc0 b n_mmaps_max
bc039cc4 b top_pad
bc039cc8 b current_mallinfo
bc039cf0 b max_total_mem
bc039cf4 b mmapped_mem
bc039cf8 b max_sbrked_mem
bc039d00 b usb_dev
bc04c900 b dev_index
bc04c904 b running
bc04c908 b asynch_allowed
bc04c90c b setup_packet
bc04c914 b hub_dev
bc04ca14 b usb_hub_index
bc04ca20 b CBWTag
bc04ca24 b usb_max_devs
bc04ca28 b usb_stor_buf
bc04cc28 b usb_ccb
bc04ccb8 b usb_dev_desc
bc04ceac b usb_stor
bc04cfb0 b counter
bc04cfc0 b crc_table
bc04d3c0 b linux_argc
bc04d3c4 b linux_argv
bc04d3c8 b linux_env
bc04d3cc b linux_env_p
bc04d3d0 b linux_env_idx
bc04d3e0 B qh_list
bc04d3e4 B slewrate_cal_flag
bc04d3e8 B phy_init_flag
bc04d3ec b ntds.0
bc04d3f0 b cur_dev
bc04d3f4 b cur_part_nr
bc04d3f8 b cur_part_info
bc04d450 B gd_data
bc04d474 B Pkt_Buf_Pool
bc0648b4 B NetRxPackets
bc0649a4 B BootFile
bc064a24 B NetArpWaitPacketBuf
bc065064 B console_buffer
bc065164 B console_history
bc065b64 B header
bc065ba4 B os_data_header
bc065bc4 B send_parms
bc065be0 B alloc_qh
bc065c20 B alloc_td
bc065c80 B qh_list_global
bc065cc0 B get_dentfromdir_block_buf
bc075cc0 B get_vfatname_block
bc085cc0 B do_fat_read_block_buf
bc095cc0 A uboot_end
bc095cc0 C monitor_flash_len
bc095cc4 C mips_bus_feq
bc095cc8 C mips_cpu_feq
bc095ccc C NetArpWaitTry
bc095cd0 C NetArpWaitPacketMAC
bc095cd4 C NetOurEther
bc095cdc C NetOurIP
bc095ce0 C NetServerIP
bc095ce4 C NetArpWaitTxPacketSize
bc095ce8 C NetArpWaitReplyIP
bc095cec C NetArpWaitTxPacket
bc095cf0 C NetArpWaitPacketIP
bc095cf4 C NetState
bc095cf8 C NetIPID
bc095cfc C NetRxPkt
bc095d00 C NetRxPktLen
bc095d04 C NetBootFileXferSize
bc095d08 C PktBuf
bc095d0c C NetArpWaitTimerStart
bc095d10 C TftpStarted
bc095d14 C rt2880_free_buf_list
bc095d1c C PKT_HEADER_Buf
bc095d20 C rt2880_pdev
bc095d24 C rt2880_busing_buf_list
bc095d2c C his_pad_char
bc095d30 C os_data_count
bc095d34 C os_data_init
bc095d38 C send_ptr
bc095d3c C os_data_char
bc095d40 C his_eol
bc095d41 C his_quote
bc095d44 C his_pad_count
bc095d48 C dp_last_size
bc095d4c C dp_last_addr
bc095d50 C mm_last_size
bc095d54 C mm_last_addr
bc095d58 C env_ptr
bc095d5c C ___strtok
bc095d60 C portreset
bc095d64 C rootdev
bc095d68 C hccr
bc095d6c C hcor
